17:35:48 **** Incremental Build of configuration Debug for project Sampling_STM ****
make -j16 all 
arm-none-eabi-gcc "../Core/Src/main.c" -mcpu=cortex-m4 -std=gnu11 -g3 -DDEBUG -DUSE_HAL_DRIVER -DSTM32L432xx -DUSE_FULL_LL_DRIVER -c -I../Core/Inc -I../Drivers/STM32L4xx_HAL_Driver/Inc -I../Drivers/STM32L4xx_HAL_Driver/Inc/Legacy -I../Drivers/CMSIS/Device/ST/STM32L4xx/Include -I../Drivers/CMSIS/Include -O0 -ffunction-sections -fdata-sections -Wall -fstack-usage -fcyclomatic-complexity -MMD -MP -MF"Core/Src/main.d" -MT"Core/Src/main.o" --specs=nano.specs -mfpu=fpv4-sp-d16 -mfloat-abi=hard -mthumb -o "Core/Src/main.o"
arm-none-eabi-gcc -o "Sampling_STM.elf" @"objects.list"   -mcpu=cortex-m4 -T"D:\Users\JH\Documents\uni\Year3\ECE2071\ECE2071_project_F08\ECE2071_project_workspace\Sampling_STM\STM32L432KCUX_FLASH.ld" --specs=nosys.specs -Wl,-Map="Sampling_STM.map" -Wl,--gc-sections -static --specs=nano.specs -mfpu=fpv4-sp-d16 -mfloat-abi=hard -mthumb -Wl,--start-group -lc -lm -Wl,--end-group
Finished building target: Sampling_STM.elf
 
arm-none-eabi-size  Sampling_STM.elf 
arm-none-eabi-objdump -h -S Sampling_STM.elf  > "Sampling_STM.list"
   text	   data	    bss	    dec	    hex	filename
  21480	     12	   2092	  23584	   5c20	Sampling_STM.elf
Finished building: default.size.stdout
 
Finished building: Sampling_STM.list
 

17:35:52 Build Finished. 0 errors, 0 warnings. (took 3s.987ms)

